
> afterdesk@0.1.0 build
> node scripts/vercel-build.mjs --webpack

[vercel-build] env=development plan=npm run validate:provider-boundary && next build --webpack

> afterdesk@0.1.0 validate:provider-boundary
> tsx scripts/validate-provider-boundary.ts

R37O_PROVIDER_BOUNDARY_PASS modules=576 violations=0
▲ Next.js 16.2.12 (webpack)
- Experiments (use with caution):
  · serverActions

  Creating an optimized production build ...
✓ Compiled successfully in 29.0s
  Running TypeScript ...
  Finished TypeScript in 31.3s ...
  Collecting page data using 23 workers ...
2026-09-04T06:57:10.770Z WARN [Better Auth]: [better-auth] Base URL is not set. Set the baseURL option or BETTER_AUTH_URL env, or use a dynamic baseURL with allowedHosts for multi-host setups. Without it the origin is derived from the incoming request, and callbacks and redirects may not work correctly.
2026-09-04T06:57:10.771Z WARN [Better Auth]: [better-auth] Base URL is not set. Set the baseURL option or BETTER_AUTH_URL env, or use a dynamic baseURL with allowedHosts for multi-host setups. Without it the origin is derived from the incoming request, and callbacks and redirects may not work correctly.
2026-09-04T06:57:10.793Z WARN [Better Auth]: [better-auth] Base URL is not set. Set the baseURL option or BETTER_AUTH_URL env, or use a dynamic baseURL with allowedHosts for multi-host setups. Without it the origin is derived from the incoming request, and callbacks and redirects may not work correctly.
2026-09-04T06:57:10.797Z WARN [Better Auth]: [better-auth] Base URL is not set. Set the baseURL option or BETTER_AUTH_URL env, or use a dynamic baseURL with allowedHosts for multi-host setups. Without it the origin is derived from the incoming request, and callbacks and redirects may not work correctly.
2026-09-04T06:57:10.830Z WARN [Better Auth]: [better-auth] Base URL is not set. Set the baseURL option or BETTER_AUTH_URL env, or use a dynamic baseURL with allowedHosts for multi-host setups. Without it the origin is derived from the incoming request, and callbacks and redirects may not work correctly.
2026-09-04T06:57:10.831Z WARN [Better Auth]: [better-auth] Base URL is not set. Set the baseURL option or BETTER_AUTH_URL env, or use a dynamic baseURL with allowedHosts for multi-host setups. Without it the origin is derived from the incoming request, and callbacks and redirects may not work correctly.
2026-09-04T06:57:10.843Z WARN [Better Auth]: [better-auth] Base URL is not set. Set the baseURL option or BETTER_AUTH_URL env, or use a dynamic baseURL with allowedHosts for multi-host setups. Without it the origin is derived from the incoming request, and callbacks and redirects may not work correctly.
2026-09-04T06:57:10.847Z WARN [Better Auth]: [better-auth] Base URL is not set. Set the baseURL option or BETTER_AUTH_URL env, or use a dynamic baseURL with allowedHosts for multi-host setups. Without it the origin is derived from the incoming request, and callbacks and redirects may not work correctly.
2026-09-04T06:57:10.852Z WARN [Better Auth]: [better-auth] Base URL is not set. Set the baseURL option or BETTER_AUTH_URL env, or use a dynamic baseURL with allowedHosts for multi-host setups. Without it the origin is derived from the incoming request, and callbacks and redirects may not work correctly.
2026-09-04T06:57:10.993Z WARN [Better Auth]: [better-auth] Base URL is not set. Set the baseURL option or BETTER_AUTH_URL env, or use a dynamic baseURL with allowedHosts for multi-host setups. Without it the origin is derived from the incoming request, and callbacks and redirects may not work correctly.
2026-09-04T06:57:11.092Z WARN [Better Auth]: [better-auth] Base URL is not set. Set the baseURL option or BETTER_AUTH_URL env, or use a dynamic baseURL with allowedHosts for multi-host setups. Without it the origin is derived from the incoming request, and callbacks and redirects may not work correctly.
2026-09-04T06:57:11.102Z WARN [Better Auth]: [better-auth] Base URL is not set. Set the baseURL option or BETTER_AUTH_URL env, or use a dynamic baseURL with allowedHosts for multi-host setups. Without it the origin is derived from the incoming request, and callbacks and redirects may not work correctly.
2026-09-04T06:57:11.199Z WARN [Better Auth]: [better-auth] Base URL is not set. Set the baseURL option or BETTER_AUTH_URL env, or use a dynamic baseURL with allowedHosts for multi-host setups. Without it the origin is derived from the incoming request, and callbacks and redirects may not work correctly.
2026-09-04T06:57:11.218Z WARN [Better Auth]: [better-auth] Base URL is not set. Set the baseURL option or BETTER_AUTH_URL env, or use a dynamic baseURL with allowedHosts for multi-host setups. Without it the origin is derived from the incoming request, and callbacks and redirects may not work correctly.
2026-09-04T06:57:11.223Z WARN [Better Auth]: [better-auth] Base URL is not set. Set the baseURL option or BETTER_AUTH_URL env, or use a dynamic baseURL with allowedHosts for multi-host setups. Without it the origin is derived from the incoming request, and callbacks and redirects may not work correctly.
2026-09-04T06:57:11.226Z WARN [Better Auth]: [better-auth] Base URL is not set. Set the baseURL option or BETTER_AUTH_URL env, or use a dynamic baseURL with allowedHosts for multi-host setups. Without it the origin is derived from the incoming request, and callbacks and redirects may not work correctly.
2026-09-04T06:57:11.230Z WARN [Better Auth]: [better-auth] Base URL is not set. Set the baseURL option or BETTER_AUTH_URL env, or use a dynamic baseURL with allowedHosts for multi-host setups. Without it the origin is derived from the incoming request, and callbacks and redirects may not work correctly.
2026-09-04T06:57:11.257Z WARN [Better Auth]: [better-auth] Base URL is not set. Set the baseURL option or BETTER_AUTH_URL env, or use a dynamic baseURL with allowedHosts for multi-host setups. Without it the origin is derived from the incoming request, and callbacks and redirects may not work correctly.
2026-09-04T06:57:11.345Z WARN [Better Auth]: [better-auth] Base URL is not set. Set the baseURL option or BETTER_AUTH_URL env, or use a dynamic baseURL with allowedHosts for multi-host setups. Without it the origin is derived from the incoming request, and callbacks and redirects may not work correctly.
2026-09-04T06:57:11.370Z WARN [Better Auth]: [better-auth] Base URL is not set. Set the baseURL option or BETTER_AUTH_URL env, or use a dynamic baseURL with allowedHosts for multi-host setups. Without it the origin is derived from the incoming request, and callbacks and redirects may not work correctly.
2026-09-04T06:57:11.400Z WARN [Better Auth]: [better-auth] Base URL is not set. Set the baseURL option or BETTER_AUTH_URL env, or use a dynamic baseURL with allowedHosts for multi-host setups. Without it the origin is derived from the incoming request, and callbacks and redirects may not work correctly.
2026-09-04T06:57:11.406Z WARN [Better Auth]: [better-auth] Base URL is not set. Set the baseURL option or BETTER_AUTH_URL env, or use a dynamic baseURL with allowedHosts for multi-host setups. Without it the origin is derived from the incoming request, and callbacks and redirects may not work correctly.
2026-09-04T06:57:11.416Z WARN [Better Auth]: [better-auth] Base URL is not set. Set the baseURL option or BETTER_AUTH_URL env, or use a dynamic baseURL with allowedHosts for multi-host setups. Without it the origin is derived from the incoming request, and callbacks and redirects may not work correctly.
  Generating static pages using 23 workers (0/113) ...
  Generating static pages using 23 workers (28/113)
  Generating static pages using 23 workers (56/113)
  Generating static pages using 23 workers (84/113)
✓ Generating static pages using 23 workers (113/113) in 1424ms
  Finalizing page optimization ...
  Collecting build traces ...

Route (app)
┌ ƒ /
├ ƒ /_not-found
├ ƒ /(.)login
├ ƒ /[...catchAll]
├ ƒ /about
├ ƒ /academy
├ ● /academy/[slug]
│ ├ /academy/inbox-management
│ ├ /academy/calendar-scheduling
│ ├ /academy/customer-support
│ └ [+22 more paths]
├ ● /academy/-/opengraph-image
│ ├ /academy/inbox-management/opengraph-image
│ ├ /academy/calendar-scheduling/opengraph-image
│ ├ /academy/customer-support/opengraph-image
│ └ [+22 more paths]
├ ○ /academy/opengraph-image
├ ƒ /acceptable-use
├ ƒ /account-deletion
├ ƒ /admin
├ ƒ /admin/assistant
├ ƒ /admin/calibration
├ ƒ /admin/calibration/[hash]
├ ƒ /admin/closed-jobs
├ ƒ /admin/closed-jobs/[id]
├ ƒ /admin/construction-commercial
├ ƒ /admin/construction-support
├ ƒ /admin/pricing
├ ƒ /admin/pricing/[id]
├ ƒ /admin/qc
├ ƒ /admin/qc/[id]
├ ƒ /admin/reliability
├ ƒ /admin/standing-capacity
├ ƒ /admin/tasks
├ ƒ /admin/tasks/[id]
├ ƒ /admin/workers
├ ƒ /api/auth/[...all]
├ ƒ /api/cron/maintenance
├ ƒ /api/endvera/v1/admin/construction-commercial
├ ƒ /api/endvera/v1/commands
├ ƒ /api/endvera/v1/connectors/communications
├ ƒ /api/endvera/v1/connectors/communications/inbound
├ ƒ /api/endvera/v1/connectors/google-calendar
├ ƒ /api/endvera/v1/construction/operations
├ ƒ /api/endvera/v1/mobile/accounting
├ ƒ /api/endvera/v1/mobile/assistant
├ ƒ /api/endvera/v1/mobile/assistant/project-memory
├ ƒ /api/endvera/v1/mobile/authority-policies
├ ƒ /api/endvera/v1/mobile/bootstrap
├ ƒ /api/endvera/v1/mobile/calendar-connectors
├ ƒ /api/endvera/v1/mobile/commercial-account
├ ƒ /api/endvera/v1/mobile/communications
├ ƒ /api/endvera/v1/mobile/email-inbox
├ ƒ /api/endvera/v1/mobile/evidence
├ ƒ /api/endvera/v1/mobile/follow-ups
├ ƒ /api/endvera/v1/mobile/golden-workflow
├ ƒ /api/endvera/v1/mobile/human-escalations
├ ƒ /api/endvera/v1/mobile/intent
├ ƒ /api/endvera/v1/mobile/invoices
├ ƒ /api/endvera/v1/mobile/jobs
├ ƒ /api/endvera/v1/mobile/onboarding
├ ƒ /api/endvera/v1/mobile/permissions
├ ƒ /api/endvera/v1/mobile/prepared-actions
├ ƒ /api/endvera/v1/mobile/privacy
├ ƒ /api/endvera/v1/mobile/project-brain-fact-candidates
├ ƒ /api/endvera/v1/mobile/project-brain-intake
├ ƒ /api/endvera/v1/mobile/project-brain-intake/sources
├ ƒ /api/endvera/v1/mobile/project-brain-intake/sources/[sourceId]
├ ƒ /api/endvera/v1/mobile/project-brain-understanding-review
├ ƒ /api/endvera/v1/mobile/provenance
├ ƒ /api/endvera/v1/mobile/reliability
├ ƒ /api/endvera/v1/mobile/timeline
├ ƒ /api/endvera/v1/mobile/voice-calls
├ ƒ /api/endvera/v1/mobile/voice-calls/notes
├ ƒ /api/files/[id]/download
├ ƒ /api/health
├ ƒ /api/payments/checkout
├ ƒ /api/upload
├ ƒ /api/webhooks/stripe
├ ƒ /client
├ ƒ /client/account
├ ƒ /client/assistant
├ ƒ /client/calendar
├ ƒ /client/cockpit
├ ƒ /client/construction-retest
├ ƒ /client/inbox
├ ƒ /client/onboarding
├ ƒ /client/permissions
├ ƒ /client/privacy
├ ƒ /client/projects
├ ƒ /client/projects/[projectId]
├ ƒ /client/reliability
├ ƒ /client/standing-capacity
├ ƒ /client/support
├ ƒ /client/tasks/[id]
├ ƒ /client/tasks/new
├ ƒ /construction
├ ƒ /construction/support
├ ƒ /how-it-works
├ ○ /icon.svg
├ ƒ /inside
├ ƒ /ledger
├ ƒ /login
├ ○ /manifest.webmanifest
├ ƒ /notifications
├ ○ /opengraph-image
├ ƒ /privacy
├ ƒ /register
├ ƒ /register/va
├ ○ /robots.txt
├ ƒ /security
├ ƒ /services
├ ○ /sitemap.xml
├ ƒ /terms
├ ƒ /textassist
├ ƒ /va
├ ƒ /va/pool
├ ƒ /va/pool/[id]
├ ƒ /va/standing-capacity
├ ƒ /va/tasks/[id]
├ ƒ /va/training
├ ƒ /va/training/[slug]
├ ƒ /va/training/[slug]/exam
├ ƒ /va/training/[slug]/guide
├ ƒ /va/training/[slug]/lesson/[n]
├ ƒ /verify-email
├ ƒ /workers
└ ○ /workers/opengraph-image


ƒ Proxy (Middleware)

○  (Static)   prerendered as static content
●  (SSG)      prerendered as static HTML (uses generateStaticParams)
ƒ  (Dynamic)  server-rendered on demand
